#-----------------------------------------------------------
# Vivado v2019.1 (64-bit)
# SW Build 2552052 on Fri May 24 14:49:42 MDT 2019
# IP Build 2548770 on Fri May 24 18:01:18 MDT 2019
# Start of session at: Tue Apr 25 22:51:11 2023
# Process ID: 24040
# Current directory: D:/github_repo/axi_stream_insert_header/vivado_project
# Command line: vivado.exe -gui_launcher_event rodinguilauncherevent10844 D:\github_repo\axi_stream_insert_header\vivado_project\axi_stream_insert_header.xpr
# Log file: D:/github_repo/axi_stream_insert_header/vivado_project/vivado.log
# Journal file: D:/github_repo/axi_stream_insert_header/vivado_project\vivado.jou
#-----------------------------------------------------------
start_gui
open_project D:/github_repo/axi_stream_insert_header/vivado_project/axi_stream_insert_header.xpr
update_compile_order -fileset sources_1
set_property SOURCE_SET sources_1 [get_filesets sim_1]
close [ open D:/github_repo/axi_stream_insert_header/vivado_project/axi_stream_insert_header.srcs/sim_1/new/test_bench2.v w ]
add_files -fileset sim_1 D:/github_repo/axi_stream_insert_header/vivado_project/axi_stream_insert_header.srcs/sim_1/new/test_bench2.v
update_compile_order -fileset sim_1
update_compile_order -fileset sim_1
# Disabling source management mode.  This is to allow the top design properties to be set without GUI intervention.
set_property source_mgmt_mode None [current_project]
set_property top test_bench [get_filesets sim_1]
# Re-enabling previously disabled source management mode.
set_property source_mgmt_mode All [current_project]
update_compile_order -fileset sim_1
# Disabling source management mode.  This is to allow the top design properties to be set without GUI intervention.
set_property source_mgmt_mode None [current_project]
set_property top test_bench2 [get_filesets sim_1]
set_property top_lib xil_defaultlib [get_filesets sim_1]
# Re-enabling previously disabled source management mode.
set_property source_mgmt_mode All [current_project]
update_compile_order -fileset sim_1
launch_simulation
source test_bench2.tcl
close_sim
